// Jest Snapshot v1, https://goo.gl/fbAQLP

exports[`Wrapper Wrapper renders correctly 1`] = `null`;
