// Jest Snapshot v1, https://goo.gl/fbAQLP

exports[`styled Container works 1`] = `
<View
  style={
    Array [
      Object {
        "alignItems": "center",
        "backgroundColor": "#F5F5F5",
        "flexBasis": 0,
        "flexGrow": 1,
        "flexShrink": 1,
        "justifyContent": "center",
      },
    ]
  }
/>
`;
