// Jest Snapshot v1, https://goo.gl/fbAQLP

exports[`styled ScrollView works 1`] = `
<RCTScrollView
  style={
    Array [
      Object {
        "backgroundColor": "#F5F5F5",
        "flexBasis": 0,
        "flexGrow": 1,
        "flexShrink": 1,
        "paddingHorizontal": 18,
        "width": "100%",
      },
    ]
  }
>
  <View />
</RCTScrollView>
`;
