// Jest Snapshot v1, https://goo.gl/fbAQLP

exports[`Card Card renders correctly 1`] = `
<View
  accessible={true}
  collapsable={false}
  focusable={true}
  nativeID="animatedComponent"
  onClick={[Function]}
  onResponderGrant={[Function]}
  onResponderMove={[Function]}
  onResponderRelease={[Function]}
  onResponderTerminate={[Function]}
  onResponderTerminationRequest={[Function]}
  onStartShouldSetResponder={[Function]}
  style={
    Object {
      "borderColor": "#e6e6e6",
      "borderRadius": 10,
      "borderWidth": 1.5,
      "marginBottom": 20,
      "marginHorizontal": 7,
      "maxHeight": 200,
      "opacity": 1,
      "paddingBottom": 10,
      "paddingLeft": 10,
      "paddingRight": 10,
      "paddingTop": 10,
    }
  }
  testID="card"
>
  <HTMLView
    maxHeight={200}
    rootComponentProps={
      Object {
        "maxHeight": 200,
        "overflow": "hidden",
      }
    }
    style={
      Array [
        Object {},
      ]
    }
    textComponentProps={
      Object {
        "style": Object {
          "color": "#242A37",
        },
      }
    }
    value="My notes"
  />
</View>
`;
