// Jest Snapshot v1, https://goo.gl/fbAQLP

exports[`ConditionRender should not render component 1`] = `null`;

exports[`ConditionRender should render component 1`] = `
<Text>
  Some content to be rendered
</Text>
`;

exports[`ConditionRenderComponent should not render component 1`] = `null`;

exports[`ConditionRenderComponent should render component 1`] = `
<Text>
  Some content to be rendered
</Text>
`;
