// Jest Snapshot v1, https://goo.gl/fbAQLP

exports[`should render icon 1`] = `
<RNSVGText
  content={null}
  dx={Array []}
  dy={Array []}
  font={Object {}}
  rotate={Array []}
  x={Array []}
  y={Array []}
/>
`;
